// Jest Snapshot v1, https://goo.gl/fbAQLP

exports[`<App /> renders properly 1`] = `
<WithStyles(ForwardRef(Grid))
  className="makeStyles-headerBar-1"
  container={true}
  spacing={2}
>
  <WithStyles(ForwardRef(Grid))
    item={true}
    xs={12}
  >
    <HeaderBar
      text="Lang Project"
    />
  </WithStyles(ForwardRef(Grid))>
  <WithStyles(ForwardRef(Grid))
    className="makeStyles-sideBar-2"
    item={true}
    xs={3}
  >
    <SideBar
      text="sidebar"
    />
  </WithStyles(ForwardRef(Grid))>
  <WithStyles(ForwardRef(Grid))
    className="makeStyles-main-3"
    item={true}
    xs={9}
  >
    <Main />
  </WithStyles(ForwardRef(Grid))>
</WithStyles(ForwardRef(Grid))>
`;
