// Jest Snapshot v1, https://goo.gl/fbAQLP

exports[`</SideBar /> has a MenuList and MenuItems 1`] = `
<WithStyles(ForwardRef(Paper))
  className="makeStyles-sideBar-1"
>
  <ForwardRef(MenuList)
    className="makeStyles-li-2"
  >
    <WithStyles(ForwardRef(MenuItem))>
      sideBar text
      1
    </WithStyles(ForwardRef(MenuItem))>
    <WithStyles(ForwardRef(MenuItem))>
      sideBar text
      2
    </WithStyles(ForwardRef(MenuItem))>
  </ForwardRef(MenuList)>
</WithStyles(ForwardRef(Paper))>
`;
